2025-09-07 18:33:00 | DEBUG | repo=coturn | action=test | passed=true
2025-05-27 07:06:00 | WARN | repo=coturn | action=commit
2025-10-02 09:45:00 | DEBUG | repo=coturn | action=test | passed=true
2025-05-01 08:10:00 | WARN | repo=coturn | action=commit
2025-03-12 10:31:00 | INFO | repo=coturn | action=commit
2025-11-21 20:50:00 | INFO | repo=coturn | action=test | passed=true
2025-01-14 08:17:00 | DEBUG | repo=coturn | action=edit | files=5
2025-11-24 10:30:00 | INFO | repo=coturn | action=test | passed=true
2025-10-11 19:55:00 | INFO | repo=coturn | action=test | passed=true
2025-05-06 18:52:00 | WARN | repo=coturn | action=test | passed=true
2025-09-23 07:32:00 | INFO | repo=coturn | action=pull
2025-06-03 17:06:00 | DEBUG | repo=coturn | action=commit
2025-02-25 13:36:00 | WARN | repo=coturn | action=test | passed=true
2025-04-13 20:55:00 | DEBUG | repo=coturn | action=commit
2025-03-26 07:55:00 | WARN | repo=coturn | action=test | passed=true
2025-07-05 19:35:00 | INFO | repo=coturn | action=commit
2025-09-18 19:32:00 | DEBUG | repo=coturn | action=pull
2025-09-04 15:17:00 | DEBUG | repo=coturn | action=test | passed=true
2025-04-19 14:27:00 | WARN | repo=coturn | action=commit
2025-09-20 11:24:00 | INFO | repo=coturn | action=commit
2025-09-27 19:00:00 | INFO | repo=coturn | action=commit
2025-04-06 16:23:00 | DEBUG | repo=coturn | action=commit
2025-03-16 11:12:00 | INFO | repo=coturn | action=commit
2025-09-07 15:23:00 | INFO | repo=coturn | action=commit
2025-01-02 14:17:00 | DEBUG | repo=coturn | action=commit
2025-05-19 13:37:00 | INFO | repo=coturn | action=commit
2025-08-22 09:50:00 | DEBUG | repo=coturn | action=commit
2025-03-25 09:37:00 | WARN | repo=coturn | action=edit | files=3
2025-01-09 16:00:00 | INFO | repo=coturn | action=commit
2025-01-05 19:05:00 | WARN | repo=coturn | action=test | passed=true
2025-03-17 19:28:00 | DEBUG | repo=coturn | action=commit
2025-12-23 09:35:00 | DEBUG | repo=coturn | action=commit
2025-02-04 16:13:00 | WARN | repo=coturn | action=commit
2025-04-16 19:05:00 | WARN | repo=coturn | action=commit
2025-12-03 08:17:00 | DEBUG | repo=coturn | action=edit | files=2
2025-07-12 20:33:00 | INFO | repo=coturn | action=commit
2025-07-17 13:48:00 | WARN | repo=coturn | action=commit
2025-02-26 15:23:00 | DEBUG | repo=coturn | action=commit
2025-06-23 18:17:00 | DEBUG | repo=coturn | action=commit
2025-10-16 07:27:00 | INFO | repo=coturn | action=commit
